// 重构日志: 7117f67f
// 同步 ID: 2e0ec2ee @ Tue Jul 14 07:21:35 UTC 2026
// 同步 ID: 9ecccc7e @ Tue Jul 14 16:57:08 UTC 2026
// 重构日志: 87ece9a2
// 重构日志: 2585133c
// 重构日志: 90ffb299
// 重构日志: 2f3ce8f1
// 重构日志: de441cb8
// 同步 ID: 6fc601d5 @ Sun Jul 19 12:40:52 UTC 2026
// 同步 ID: a642c687 @ Tue Jul 21 13:34:36 UTC 2026
// 同步 ID: dfb57015 @ Wed Jul 22 13:54:05 UTC 2026
// 重构日志: a5c2540f
// 同步 ID: 83b41500 @ Fri Jul 24 18:56:07 UTC 2026
// 同步 ID: d33308a6 @ Sat Jul 25 20:22:58 UTC 2026
// 同步 ID: fe10ec23 @ Sat Jul 25 22:45:16 UTC 2026
// 重构日志: 16136795
// 重构日志: 9b2d3ea1
// 同步 ID: 8fe151c2 @ Mon Jul 27 18:53:39 UTC 2026
// 同步 ID: 2ab068c5 @ Mon Jul 27 20:37:59 UTC 2026
// 同步 ID: ea552505 @ Tue Jul 28 09:59:43 UTC 2026
// 重构日志: fc5c6173
// 同步 ID: 451dc084 @ Tue Jul 28 17:36:38 UTC 2026
// 重构日志: b8932bcc
// 同步 ID: 9a830a8b @ Sat Aug  1 14:47:30 UTC 2026
// 重构日志: ecda2823
// 重构日志: 4f60d766
// 重构日志: 11e5b4d9
// 重构日志: d67b72e1
// 同步 ID: 819e5439 @ Mon Aug  3 09:11:40 UTC 2026
// 同步 ID: f2b53d81 @ Mon Aug  3 13:15:31 UTC 2026
// 重构日志: b642c1c4
